// Jest Snapshot v1, https://goo.gl/fbAQLP

exports[`CalendarListsHeader renders header 1`] = `
<Fragment>
  <EuiFlexGroup
    alignItems="baseline"
    component="div"
    direction="row"
    gutterSize="l"
    justifyContent="spaceBetween"
    responsive={true}
    wrap={false}
  >
    <EuiFlexItem
      component="div"
      grow={false}
    >
      <EuiFlexGroup
        alignItems="baseline"
        component="div"
        direction="row"
        gutterSize="m"
        justifyContent="flexStart"
        responsive={false}
        wrap={false}
      >
        <EuiFlexItem
          component="div"
          grow={false}
        >
          <EuiTitle
            size="m"
            textTransform="none"
          >
            <h1>
              <FormattedMessage
                defaultMessage="日历"
                id="xpack.ml.settings.calendars.listHeader.calendarsTitle"
                values={Object {}}
              />
            </h1>
          </EuiTitle>
        </EuiFlexItem>
        <EuiFlexItem
          component="div"
          grow={true}
        >
          <EuiTextColor
            color="subdued"
            component="span"
          >
            <p>
              <FormattedMessage
                defaultMessage="{totalCount} 总共"
                id="xpack.ml.settings.calendars.listHeader.calendarsListTotalCount"
                values={
                  Object {
                    "totalCount": 3,
                  }
                }
              />
            </p>
          </EuiTextColor>
        </EuiFlexItem>
      </EuiFlexGroup>
    </EuiFlexItem>
    <EuiFlexItem
      component="div"
      grow={false}
    >
      <EuiFlexGroup
        alignItems="baseline"
        component="div"
        direction="row"
        gutterSize="m"
        justifyContent="flexStart"
        responsive={false}
        wrap={false}
      >
        <EuiFlexItem
          component="div"
          grow={false}
        >
          <EuiButtonEmpty
            color="primary"
            iconSide="left"
            iconType="refresh"
            onClick={[MockFunction]}
            size="s"
            type="button"
          >
            <FormattedMessage
              defaultMessage="刷新"
              id="xpack.ml.settings.calendars.listHeader.refreshButtonLabel"
              values={Object {}}
            />
          </EuiButtonEmpty>
        </EuiFlexItem>
      </EuiFlexGroup>
    </EuiFlexItem>
  </EuiFlexGroup>
  <EuiSpacer
    size="m"
  />
  <EuiText
    grow={true}
    size="m"
  >
    <p>
      <EuiTextColor
        color="subdued"
        component="span"
      >
        <FormattedMessage
          defaultMessage="日历包含您不希望生成异常的计划事件列表，例如计划的系统中断或公共假期。 可以将同一日历分配给多个作业。"
          id="xpack.ml.settings.calendars.listHeader.calendarsDescription"
          values={
            Object {
              "br": <br />,
              "learnMoreLink": <EuiLink
                color="primary"
                href="https://www.elastic.co/guide/en/elastic-stack-overview/my-metadata-branch/ml-calendars.html"
                target="_blank"
                type="button"
              >
                <FormattedMessage
                  defaultMessage="了解详情"
                  id="xpack.ml.settings.calendars.listHeader.calendarsDescription.learnMoreLinkText"
                  values={Object {}}
                />
              </EuiLink>,
            }
          }
        />
      </EuiTextColor>
    </p>
  </EuiText>
  <EuiSpacer
    size="m"
  />
</Fragment>
`;
